<pre>
  Error: Duplicate file type 'page' added at path '/$'. File 'src/routes/$foo+page.marko' collides with 'src/routes/$bar+page.marko'.
    at [Normalized Error Stack]
</pre>
<script
  async=""
  src="/__marko-run__error.marko?marko-browser-entry"
  type="module"
/>